---
http_interactions:
- request:
    method: post
    uri: https://api.easypost.com/v2/addresses
    body:
      encoding: UTF-8
      string: address[street1]=200%2019th%20St&address[city]=Birmingham&address[zip]=35203&address[phone]=123456789&address[name]=Newt%20Scamander&address[state]=AL&address[country]=US
    headers:
      Accept:
      - "*/*"
      User-Agent:
      - EasyPost/v2 RubyClient/3.0.1
      Authorization:
      - Bearer CvzYtuda6KRI9JjG7SAHbA
      Content-Type:
      - application/x-www-form-urlencoded
      Content-Length:
      - '170'
      Accept-Encoding:
      - gzip;q=1.0,deflate;q=0.6,identity;q=0.3
      Host:
      - api.easypost.com
  response:
    status:
      code: 201
      message: Created
    headers:
      X-Frame-Options:
      - SAMEORIGIN
      X-Xss-Protection:
      - 1; mode=block
      X-Content-Type-Options:
      - nosniff
      X-Ep-Request-Uuid:
      - 43c6543d5dca6f03ee61721200010c95
      Cache-Control:
      - no-cache, no-store, must-revalidate, private
      Pragma:
      - no-cache
      Expires:
      - '0'
      Location:
      - "/api/v2/addresses/adr_c56faf78ce1d4c4f8bcfb6ac436a8409"
      Content-Type:
      - application/json; charset=utf-8
      X-Runtime:
      - '0.026591'
      Transfer-Encoding:
      - chunked
      X-Node:
      - bigweb10sj
      X-Version-Label:
      - easypost-201911120131-f5c72b1880-master
      X-Backend:
      - easypost
      X-Proxied:
      - extlb2wdc 2744487620
      - intlb1wdc ff5a2958df
      - intlb2sj ff5a2958df
      Strict-Transport-Security:
      - max-age=15768000; includeSubDomains; preload
    body:
      encoding: ASCII-8BIT
      string: '{"id":"adr_c56faf78ce1d4c4f8bcfb6ac436a8409","object":"Address","created_at":"2019-11-12T08:36:19Z","updated_at":"2019-11-12T08:36:19Z","name":"Newt
        Scamander","company":null,"street1":"200 19th St","street2":null,"city":"Birmingham","state":"AL","zip":"35203","country":"US","phone":"123456789","email":null,"mode":"test","carrier_facility":null,"residential":null,"federal_tax_id":null,"state_tax_id":null,"verifications":{}}'
    http_version: 
  recorded_at: Tue, 12 Nov 2019 08:36:19 GMT
- request:
    method: post
    uri: https://api.easypost.com/v2/addresses
    body:
      encoding: UTF-8
      string: address[street1]=2630%20Cahaba%20Rd&address[city]=Birmingham&address[zip]=35223&address[phone]=(202)%20456-1111&address[name]=NY%20Warehouse&address[company]=NY%20Warehouse&address[state]=AL&address[country]=US
    headers:
      Accept:
      - "*/*"
      User-Agent:
      - EasyPost/v2 RubyClient/3.0.1
      Authorization:
      - Bearer CvzYtuda6KRI9JjG7SAHbA
      Content-Type:
      - application/x-www-form-urlencoded
      Content-Length:
      - '210'
      Accept-Encoding:
      - gzip;q=1.0,deflate;q=0.6,identity;q=0.3
      Host:
      - api.easypost.com
  response:
    status:
      code: 201
      message: Created
    headers:
      X-Frame-Options:
      - SAMEORIGIN
      X-Xss-Protection:
      - 1; mode=block
      X-Content-Type-Options:
      - nosniff
      X-Ep-Request-Uuid:
      - 43c6543d5dca6f03ee81c88800010ca4
      Cache-Control:
      - no-cache, no-store, must-revalidate, private
      Pragma:
      - no-cache
      Expires:
      - '0'
      Location:
      - "/api/v2/addresses/adr_742eb9c109a14ed1ae847b342cb7040d"
      Content-Type:
      - application/json; charset=utf-8
      X-Runtime:
      - '0.029983'
      Transfer-Encoding:
      - chunked
      X-Node:
      - bigweb9sj
      X-Version-Label:
      - easypost-201911120131-f5c72b1880-master
      X-Backend:
      - easypost
      X-Proxied:
      - extlb2wdc 2744487620
      - intlb1sj ff5a2958df
      - intlb2wdc ff5a2958df
      Strict-Transport-Security:
      - max-age=15768000; includeSubDomains; preload
    body:
      encoding: ASCII-8BIT
      string: '{"id":"adr_742eb9c109a14ed1ae847b342cb7040d","object":"Address","created_at":"2019-11-12T08:36:19Z","updated_at":"2019-11-12T08:36:19Z","name":"NY
        Warehouse","company":"NY Warehouse","street1":"2630 Cahaba Rd","street2":null,"city":"Birmingham","state":"AL","zip":"35223","country":"US","phone":"2024561111","email":null,"mode":"test","carrier_facility":null,"residential":null,"federal_tax_id":null,"state_tax_id":null,"verifications":{}}'
    http_version: 
  recorded_at: Tue, 12 Nov 2019 08:36:20 GMT
- request:
    method: post
    uri: https://api.easypost.com/v2/parcels
    body:
      encoding: UTF-8
      string: parcel[weight]=20.0
    headers:
      Accept:
      - "*/*"
      User-Agent:
      - EasyPost/v2 RubyClient/3.0.1
      Authorization:
      - Bearer CvzYtuda6KRI9JjG7SAHbA
      Content-Type:
      - application/x-www-form-urlencoded
      Content-Length:
      - '19'
      Accept-Encoding:
      - gzip;q=1.0,deflate;q=0.6,identity;q=0.3
      Host:
      - api.easypost.com
  response:
    status:
      code: 201
      message: Created
    headers:
      X-Frame-Options:
      - SAMEORIGIN
      X-Xss-Protection:
      - 1; mode=block
      X-Content-Type-Options:
      - nosniff
      X-Ep-Request-Uuid:
      - 43c6543d5dca6f04ee80a32500010cb3
      Cache-Control:
      - no-cache, no-store, must-revalidate, private
      Pragma:
      - no-cache
      Expires:
      - '0'
      Location:
      - "/api/v2/parcels/prcl_212ff2d599674940a0216dd1c424dd4d"
      Content-Type:
      - application/json; charset=utf-8
      X-Runtime:
      - '0.025016'
      Transfer-Encoding:
      - chunked
      X-Node:
      - bigweb10sj
      X-Version-Label:
      - easypost-201911120131-f5c72b1880-master
      X-Backend:
      - easypost
      X-Proxied:
      - extlb2wdc 2744487620
      - intlb1sj ff5a2958df
      - intlb2wdc ff5a2958df
      Strict-Transport-Security:
      - max-age=15768000; includeSubDomains; preload
    body:
      encoding: ASCII-8BIT
      string: '{"id":"prcl_212ff2d599674940a0216dd1c424dd4d","object":"Parcel","created_at":"2019-11-12T08:36:20Z","updated_at":"2019-11-12T08:36:20Z","length":null,"width":null,"height":null,"predefined_package":null,"weight":20.0,"mode":"test"}'
    http_version: 
  recorded_at: Tue, 12 Nov 2019 08:36:20 GMT
- request:
    method: post
    uri: https://api.easypost.com/v2/shipments
    body:
      encoding: UTF-8
      string: shipment[to_address][id]=adr_c56faf78ce1d4c4f8bcfb6ac436a8409&shipment[from_address][id]=adr_742eb9c109a14ed1ae847b342cb7040d&shipment[parcel][id]=prcl_212ff2d599674940a0216dd1c424dd4d
    headers:
      Accept:
      - "*/*"
      User-Agent:
      - EasyPost/v2 RubyClient/3.0.1
      Authorization:
      - Bearer CvzYtuda6KRI9JjG7SAHbA
      Content-Type:
      - application/x-www-form-urlencoded
      Content-Length:
      - '184'
      Accept-Encoding:
      - gzip;q=1.0,deflate;q=0.6,identity;q=0.3
      Host:
      - api.easypost.com
  response:
    status:
      code: 201
      message: Created
    headers:
      X-Frame-Options:
      - SAMEORIGIN
      X-Xss-Protection:
      - 1; mode=block
      X-Content-Type-Options:
      - nosniff
      X-Ep-Request-Uuid:
      - 43c6543d5dca6f05ee6fb88d00010cc0
      Cache-Control:
      - no-cache, no-store, must-revalidate, private
      Pragma:
      - no-cache
      Expires:
      - '0'
      Location:
      - "/api/v2/shipments/shp_af9c4da9ce6c4a15899faa7eed51a4db"
      Content-Type:
      - application/json; charset=utf-8
      X-Runtime:
      - '0.219876'
      Transfer-Encoding:
      - chunked
      X-Node:
      - bigweb7sj
      X-Version-Label:
      - easypost-201911120131-f5c72b1880-master
      X-Backend:
      - easypost
      X-Canary:
      - direct
      X-Proxied:
      - extlb2wdc 2744487620
      - intlb1sj ff5a2958df
      - intlb2wdc ff5a2958df
      Strict-Transport-Security:
      - max-age=15768000; includeSubDomains; preload
    body:
      encoding: ASCII-8BIT
      string: '{"created_at":"2019-11-12T08:36:21Z","is_return":false,"messages":[],"mode":"test","options":{"currency":"USD","payment":{"type":"SENDER"},"label_date":null,"date_advance":0},"reference":null,"status":"unknown","tracking_code":null,"updated_at":"2019-11-12T08:36:21Z","batch_id":null,"batch_status":null,"batch_message":null,"customs_info":null,"from_address":{"id":"adr_742eb9c109a14ed1ae847b342cb7040d","object":"Address","created_at":"2019-11-12T08:36:19Z","updated_at":"2019-11-12T08:36:19Z","name":"NY
        Warehouse","company":"NY Warehouse","street1":"2630 Cahaba Rd","street2":null,"city":"Birmingham","state":"AL","zip":"35223","country":"US","phone":"2024561111","email":null,"mode":"test","carrier_facility":null,"residential":null,"federal_tax_id":null,"state_tax_id":null,"verifications":{}},"insurance":null,"order_id":null,"parcel":{"id":"prcl_212ff2d599674940a0216dd1c424dd4d","object":"Parcel","created_at":"2019-11-12T08:36:20Z","updated_at":"2019-11-12T08:36:20Z","length":null,"width":null,"height":null,"predefined_package":null,"weight":20.0,"mode":"test"},"postage_label":null,"rates":[{"id":"rate_25295b5a7c2a4fea9c91e9e2f8b2128c","object":"Rate","created_at":"2019-11-12T08:36:21Z","updated_at":"2019-11-12T08:36:21Z","mode":"test","service":"Priority","carrier":"USPS","rate":"7.42","currency":"USD","retail_rate":"7.85","retail_currency":"USD","list_rate":"7.42","list_currency":"USD","delivery_days":1,"delivery_date":null,"delivery_date_guaranteed":false,"est_delivery_days":1,"shipment_id":"shp_af9c4da9ce6c4a15899faa7eed51a4db","carrier_account_id":"ca_mtb51Ve0"},{"id":"rate_352bf56489604a12afef32120e2dd283","object":"Rate","created_at":"2019-11-12T08:36:21Z","updated_at":"2019-11-12T08:36:21Z","mode":"test","service":"ParcelSelect","carrier":"USPS","rate":"7.32","currency":"USD","retail_rate":"7.32","retail_currency":"USD","list_rate":"7.32","list_currency":"USD","delivery_days":2,"delivery_date":null,"delivery_date_guaranteed":false,"est_delivery_days":2,"shipment_id":"shp_af9c4da9ce6c4a15899faa7eed51a4db","carrier_account_id":"ca_mtb51Ve0"},{"id":"rate_8fe38ca910994c08a19e1011b96d32de","object":"Rate","created_at":"2019-11-12T08:36:21Z","updated_at":"2019-11-12T08:36:21Z","mode":"test","service":"Express","carrier":"USPS","rate":"22.78","currency":"USD","retail_rate":"25.70","retail_currency":"USD","list_rate":"22.78","list_currency":"USD","delivery_days":null,"delivery_date":null,"delivery_date_guaranteed":false,"est_delivery_days":null,"shipment_id":"shp_af9c4da9ce6c4a15899faa7eed51a4db","carrier_account_id":"ca_mtb51Ve0"}],"refund_status":null,"scan_form":null,"selected_rate":null,"tracker":null,"to_address":{"id":"adr_c56faf78ce1d4c4f8bcfb6ac436a8409","object":"Address","created_at":"2019-11-12T08:36:19Z","updated_at":"2019-11-12T08:36:19Z","name":"Newt
        Scamander","company":null,"street1":"200 19th St","street2":null,"city":"Birmingham","state":"AL","zip":"35203","country":"US","phone":"123456789","email":null,"mode":"test","carrier_facility":null,"residential":null,"federal_tax_id":null,"state_tax_id":null,"verifications":{}},"usps_zone":1,"return_address":{"id":"adr_742eb9c109a14ed1ae847b342cb7040d","object":"Address","created_at":"2019-11-12T08:36:19Z","updated_at":"2019-11-12T08:36:19Z","name":"NY
        Warehouse","company":"NY Warehouse","street1":"2630 Cahaba Rd","street2":null,"city":"Birmingham","state":"AL","zip":"35223","country":"US","phone":"2024561111","email":null,"mode":"test","carrier_facility":null,"residential":null,"federal_tax_id":null,"state_tax_id":null,"verifications":{}},"buyer_address":{"id":"adr_c56faf78ce1d4c4f8bcfb6ac436a8409","object":"Address","created_at":"2019-11-12T08:36:19Z","updated_at":"2019-11-12T08:36:19Z","name":"Newt
        Scamander","company":null,"street1":"200 19th St","street2":null,"city":"Birmingham","state":"AL","zip":"35203","country":"US","phone":"123456789","email":null,"mode":"test","carrier_facility":null,"residential":null,"federal_tax_id":null,"state_tax_id":null,"verifications":{}},"forms":[],"fees":[],"id":"shp_af9c4da9ce6c4a15899faa7eed51a4db","object":"Shipment"}'
    http_version: 
  recorded_at: Tue, 12 Nov 2019 08:36:21 GMT
- request:
    method: get
    uri: https://api.easypost.com/v2/shipments/shp_af9c4da9ce6c4a15899faa7eed51a4db
    body:
      encoding: US-ASCII
      string: ''
    headers:
      Accept:
      - "*/*"
      User-Agent:
      - EasyPost/v2 RubyClient/3.0.1
      Authorization:
      - Bearer CvzYtuda6KRI9JjG7SAHbA
      Content-Type:
      - application/x-www-form-urlencoded
      Accept-Encoding:
      - gzip;q=1.0,deflate;q=0.6,identity;q=0.3
      Host:
      - api.easypost.com
  response:
    status:
      code: 200
      message: OK
    headers:
      X-Frame-Options:
      - SAMEORIGIN
      X-Xss-Protection:
      - 1; mode=block
      X-Content-Type-Options:
      - nosniff
      X-Ep-Request-Uuid:
      - 43c6543d5dca6f06ee70518c00010cdb
      Cache-Control:
      - no-cache, no-store, must-revalidate, private
      Pragma:
      - no-cache
      Expires:
      - '0'
      Content-Type:
      - application/json; charset=utf-8
      X-Runtime:
      - '0.110149'
      Transfer-Encoding:
      - chunked
      X-Node:
      - bigweb10sj
      X-Version-Label:
      - easypost-201911120131-f5c72b1880-master
      X-Backend:
      - easypost
      X-Proxied:
      - extlb2wdc 2744487620
      - intlb1sj ff5a2958df
      - intlb1wdc ff5a2958df
      Strict-Transport-Security:
      - max-age=15768000; includeSubDomains; preload
    body:
      encoding: ASCII-8BIT
      string: '{"created_at":"2019-11-12T08:36:21Z","is_return":false,"messages":[],"mode":"test","options":{"currency":"USD","payment":{"type":"SENDER"},"label_date":null,"date_advance":0},"reference":null,"status":"unknown","tracking_code":null,"updated_at":"2019-11-12T08:36:21Z","batch_id":null,"batch_status":null,"batch_message":null,"customs_info":null,"from_address":{"id":"adr_742eb9c109a14ed1ae847b342cb7040d","object":"Address","created_at":"2019-11-12T08:36:19Z","updated_at":"2019-11-12T08:36:19Z","name":"NY
        Warehouse","company":"NY Warehouse","street1":"2630 Cahaba Rd","street2":null,"city":"Birmingham","state":"AL","zip":"35223","country":"US","phone":"2024561111","email":null,"mode":"test","carrier_facility":null,"residential":null,"federal_tax_id":null,"state_tax_id":null,"verifications":{}},"insurance":null,"order_id":null,"parcel":{"id":"prcl_212ff2d599674940a0216dd1c424dd4d","object":"Parcel","created_at":"2019-11-12T08:36:20Z","updated_at":"2019-11-12T08:36:20Z","length":null,"width":null,"height":null,"predefined_package":null,"weight":20.0,"mode":"test"},"postage_label":null,"rates":[{"id":"rate_25295b5a7c2a4fea9c91e9e2f8b2128c","object":"Rate","created_at":"2019-11-12T08:36:21Z","updated_at":"2019-11-12T08:36:21Z","mode":"test","service":"Priority","carrier":"USPS","rate":"7.42","currency":"USD","retail_rate":"7.85","retail_currency":"USD","list_rate":"7.42","list_currency":"USD","delivery_days":1,"delivery_date":null,"delivery_date_guaranteed":false,"est_delivery_days":1,"shipment_id":"shp_af9c4da9ce6c4a15899faa7eed51a4db","carrier_account_id":"ca_mtb51Ve0"},{"id":"rate_352bf56489604a12afef32120e2dd283","object":"Rate","created_at":"2019-11-12T08:36:21Z","updated_at":"2019-11-12T08:36:21Z","mode":"test","service":"ParcelSelect","carrier":"USPS","rate":"7.32","currency":"USD","retail_rate":"7.32","retail_currency":"USD","list_rate":"7.32","list_currency":"USD","delivery_days":2,"delivery_date":null,"delivery_date_guaranteed":false,"est_delivery_days":2,"shipment_id":"shp_af9c4da9ce6c4a15899faa7eed51a4db","carrier_account_id":"ca_mtb51Ve0"},{"id":"rate_8fe38ca910994c08a19e1011b96d32de","object":"Rate","created_at":"2019-11-12T08:36:21Z","updated_at":"2019-11-12T08:36:21Z","mode":"test","service":"Express","carrier":"USPS","rate":"22.78","currency":"USD","retail_rate":"25.70","retail_currency":"USD","list_rate":"22.78","list_currency":"USD","delivery_days":null,"delivery_date":null,"delivery_date_guaranteed":false,"est_delivery_days":null,"shipment_id":"shp_af9c4da9ce6c4a15899faa7eed51a4db","carrier_account_id":"ca_mtb51Ve0"}],"refund_status":null,"scan_form":null,"selected_rate":null,"tracker":null,"to_address":{"id":"adr_c56faf78ce1d4c4f8bcfb6ac436a8409","object":"Address","created_at":"2019-11-12T08:36:19Z","updated_at":"2019-11-12T08:36:19Z","name":"Newt
        Scamander","company":null,"street1":"200 19th St","street2":null,"city":"Birmingham","state":"AL","zip":"35203","country":"US","phone":"123456789","email":null,"mode":"test","carrier_facility":null,"residential":null,"federal_tax_id":null,"state_tax_id":null,"verifications":{}},"usps_zone":1,"return_address":{"id":"adr_742eb9c109a14ed1ae847b342cb7040d","object":"Address","created_at":"2019-11-12T08:36:19Z","updated_at":"2019-11-12T08:36:19Z","name":"NY
        Warehouse","company":"NY Warehouse","street1":"2630 Cahaba Rd","street2":null,"city":"Birmingham","state":"AL","zip":"35223","country":"US","phone":"2024561111","email":null,"mode":"test","carrier_facility":null,"residential":null,"federal_tax_id":null,"state_tax_id":null,"verifications":{}},"buyer_address":{"id":"adr_c56faf78ce1d4c4f8bcfb6ac436a8409","object":"Address","created_at":"2019-11-12T08:36:19Z","updated_at":"2019-11-12T08:36:19Z","name":"Newt
        Scamander","company":null,"street1":"200 19th St","street2":null,"city":"Birmingham","state":"AL","zip":"35203","country":"US","phone":"123456789","email":null,"mode":"test","carrier_facility":null,"residential":null,"federal_tax_id":null,"state_tax_id":null,"verifications":{}},"forms":[],"fees":[],"id":"shp_af9c4da9ce6c4a15899faa7eed51a4db","object":"Shipment"}'
    http_version: 
  recorded_at: Tue, 12 Nov 2019 08:36:22 GMT
- request:
    method: post
    uri: https://api.easypost.com/v2/shipments/shp_af9c4da9ce6c4a15899faa7eed51a4db/buy
    body:
      encoding: UTF-8
      string: rate[id]=rate_352bf56489604a12afef32120e2dd283
    headers:
      Accept:
      - "*/*"
      User-Agent:
      - EasyPost/v2 RubyClient/3.0.1
      Authorization:
      - Bearer CvzYtuda6KRI9JjG7SAHbA
      Content-Type:
      - application/x-www-form-urlencoded
      Content-Length:
      - '46'
      Accept-Encoding:
      - gzip;q=1.0,deflate;q=0.6,identity;q=0.3
      Host:
      - api.easypost.com
  response:
    status:
      code: 200
      message: OK
    headers:
      X-Frame-Options:
      - SAMEORIGIN
      X-Xss-Protection:
      - 1; mode=block
      X-Content-Type-Options:
      - nosniff
      X-Ep-Request-Uuid:
      - 43c6543d5dca6f07ee738b3200010cef
      Cache-Control:
      - no-cache, no-store, must-revalidate, private
      Pragma:
      - no-cache
      Expires:
      - '0'
      Content-Type:
      - application/json; charset=utf-8
      X-Runtime:
      - '1.360122'
      Transfer-Encoding:
      - chunked
      X-Node:
      - bigweb8sj
      X-Version-Label:
      - easypost-201911120131-f5c72b1880-master
      X-Backend:
      - easypost
      X-Proxied:
      - extlb2wdc 2744487620
      - intlb1wdc ff5a2958df
      - intlb2sj ff5a2958df
      Strict-Transport-Security:
      - max-age=15768000; includeSubDomains; preload
    body:
      encoding: ASCII-8BIT
      string: '{"created_at":"2019-11-12T08:36:21Z","is_return":false,"messages":[],"mode":"test","options":{"currency":"USD","payment":{"type":"SENDER"},"label_date":null,"date_advance":0},"reference":null,"status":"unknown","tracking_code":"9461200897846029289031","updated_at":"2019-11-12T08:36:24Z","batch_id":null,"batch_status":null,"batch_message":null,"customs_info":null,"from_address":{"id":"adr_742eb9c109a14ed1ae847b342cb7040d","object":"Address","created_at":"2019-11-12T08:36:19Z","updated_at":"2019-11-12T08:36:19Z","name":"NY
        Warehouse","company":"NY Warehouse","street1":"2630 Cahaba Rd","street2":null,"city":"Birmingham","state":"AL","zip":"35223","country":"US","phone":"2024561111","email":null,"mode":"test","carrier_facility":null,"residential":null,"federal_tax_id":null,"state_tax_id":null,"verifications":{}},"insurance":null,"order_id":null,"parcel":{"id":"prcl_212ff2d599674940a0216dd1c424dd4d","object":"Parcel","created_at":"2019-11-12T08:36:20Z","updated_at":"2019-11-12T08:36:20Z","length":null,"width":null,"height":null,"predefined_package":null,"weight":20.0,"mode":"test"},"postage_label":{"object":"PostageLabel","id":"pl_5e94c9522f2e48a6837552618a9ce5db","created_at":"2019-11-12T08:36:24Z","updated_at":"2019-11-12T08:36:24Z","date_advance":0,"integrated_form":"none","label_date":"2019-11-12T08:36:24Z","label_resolution":300,"label_size":"4x6","label_type":"default","label_file_type":"image/png","label_url":"https://easypost-files.s3-us-west-2.amazonaws.com/files/postage_label/20191112/611c21410d8646dcad83e55b72520797.png","label_pdf_url":null,"label_zpl_url":null,"label_epl2_url":null,"label_file":null},"rates":[{"id":"rate_25295b5a7c2a4fea9c91e9e2f8b2128c","object":"Rate","created_at":"2019-11-12T08:36:21Z","updated_at":"2019-11-12T08:36:21Z","mode":"test","service":"Priority","carrier":"USPS","rate":"7.42","currency":"USD","retail_rate":"7.85","retail_currency":"USD","list_rate":"7.42","list_currency":"USD","delivery_days":1,"delivery_date":null,"delivery_date_guaranteed":false,"est_delivery_days":1,"shipment_id":"shp_af9c4da9ce6c4a15899faa7eed51a4db","carrier_account_id":"ca_mtb51Ve0"},{"id":"rate_352bf56489604a12afef32120e2dd283","object":"Rate","created_at":"2019-11-12T08:36:21Z","updated_at":"2019-11-12T08:36:21Z","mode":"test","service":"ParcelSelect","carrier":"USPS","rate":"7.32","currency":"USD","retail_rate":"7.32","retail_currency":"USD","list_rate":"7.32","list_currency":"USD","delivery_days":2,"delivery_date":null,"delivery_date_guaranteed":false,"est_delivery_days":2,"shipment_id":"shp_af9c4da9ce6c4a15899faa7eed51a4db","carrier_account_id":"ca_mtb51Ve0"},{"id":"rate_8fe38ca910994c08a19e1011b96d32de","object":"Rate","created_at":"2019-11-12T08:36:21Z","updated_at":"2019-11-12T08:36:21Z","mode":"test","service":"Express","carrier":"USPS","rate":"22.78","currency":"USD","retail_rate":"25.70","retail_currency":"USD","list_rate":"22.78","list_currency":"USD","delivery_days":null,"delivery_date":null,"delivery_date_guaranteed":false,"est_delivery_days":null,"shipment_id":"shp_af9c4da9ce6c4a15899faa7eed51a4db","carrier_account_id":"ca_mtb51Ve0"}],"refund_status":null,"scan_form":null,"selected_rate":{"id":"rate_352bf56489604a12afef32120e2dd283","object":"Rate","created_at":"2019-11-12T08:36:24Z","updated_at":"2019-11-12T08:36:24Z","mode":"test","service":"ParcelSelect","carrier":"USPS","rate":"7.32","currency":"USD","retail_rate":"7.32","retail_currency":"USD","list_rate":"7.32","list_currency":"USD","delivery_days":2,"delivery_date":null,"delivery_date_guaranteed":false,"est_delivery_days":2,"shipment_id":"shp_af9c4da9ce6c4a15899faa7eed51a4db","carrier_account_id":"ca_mtb51Ve0"},"tracker":{"id":"trk_0d32f90d02784afdb5807a129521aa38","object":"Tracker","mode":"test","tracking_code":"9461200897846029289031","status":"unknown","status_detail":"unknown","created_at":"2019-11-12T08:36:24Z","updated_at":"2019-11-12T08:36:24Z","signed_by":null,"weight":null,"est_delivery_date":null,"shipment_id":"shp_af9c4da9ce6c4a15899faa7eed51a4db","carrier":"USPS","tracking_details":[],"fees":[],"carrier_detail":null,"public_url":"https://track.easypost.com/djE6dHJrXzBkMzJmOTBkMDI3ODRhZmRiNTgwN2ExMjk1MjFhYTM4"},"to_address":{"id":"adr_c56faf78ce1d4c4f8bcfb6ac436a8409","object":"Address","created_at":"2019-11-12T08:36:19Z","updated_at":"2019-11-12T08:36:23Z","name":"Newt
        Scamander","company":null,"street1":"200 19th St","street2":null,"city":"Birmingham","state":"AL","zip":"35218-1549","country":"US","phone":"123456789","email":null,"mode":"test","carrier_facility":null,"residential":true,"federal_tax_id":null,"state_tax_id":null,"verifications":{"zip4":{"success":true,"errors":[],"details":null}}},"usps_zone":1,"return_address":{"id":"adr_742eb9c109a14ed1ae847b342cb7040d","object":"Address","created_at":"2019-11-12T08:36:19Z","updated_at":"2019-11-12T08:36:19Z","name":"NY
        Warehouse","company":"NY Warehouse","street1":"2630 Cahaba Rd","street2":null,"city":"Birmingham","state":"AL","zip":"35223","country":"US","phone":"2024561111","email":null,"mode":"test","carrier_facility":null,"residential":null,"federal_tax_id":null,"state_tax_id":null,"verifications":{}},"buyer_address":{"id":"adr_c56faf78ce1d4c4f8bcfb6ac436a8409","object":"Address","created_at":"2019-11-12T08:36:19Z","updated_at":"2019-11-12T08:36:23Z","name":"Newt
        Scamander","company":null,"street1":"200 19th St","street2":null,"city":"Birmingham","state":"AL","zip":"35218-1549","country":"US","phone":"123456789","email":null,"mode":"test","carrier_facility":null,"residential":true,"federal_tax_id":null,"state_tax_id":null,"verifications":{"zip4":{"success":true,"errors":[],"details":null}}},"forms":[],"fees":[{"object":"Fee","type":"LabelFee","amount":"0.01000","charged":true,"refunded":false},{"object":"Fee","type":"PostageFee","amount":"7.32000","charged":true,"refunded":false}],"id":"shp_af9c4da9ce6c4a15899faa7eed51a4db","object":"Shipment"}'
    http_version: 
  recorded_at: Tue, 12 Nov 2019 08:36:24 GMT
recorded_with: VCR 5.0.0
